/\a -> /\b -> \(f : (a -> b) -> a -> b) -> (\(s : (\a -> ifix (\(self :: * -> *) -> \a -> self a -> a) a) (a -> b)) -> unwrap s s) (iwrap (\(self :: * -> *) -> \a -> self a -> a) (a -> b) (\(s : (\a -> ifix (\(self :: * -> *) -> \a -> self a -> a) a) (a -> b)) -> \(x : a) -> f ((\(s : (\a -> ifix (\(self :: * -> *) -> \a -> self a -> a) a) (a -> b)) -> unwrap s s) s) x))