(/\r -> \(f : r -> r) -> (/\a -> /\b -> \(f : (a -> b) -> a -> b) -> (\(s : (\a -> ifix (\(self :: * -> *) -> \a -> self a -> a) a) (a -> b)) -> unwrap s s) (iwrap (\(self :: * -> *) -> \a -> self a -> a) (a -> b) (\(s : (\a -> ifix (\(self :: * -> *) -> \a -> self a -> a) a) (a -> b)) -> \(x : a) -> f ((\(s : (\a -> ifix (\(self :: * -> *) -> \a -> self a -> a) a) (a -> b)) -> unwrap s s) s) x))) {r} {ifix (\(rec :: (* -> *) -> *) -> \(f :: * -> *) -> f (rec f)) (\nat -> all r. r -> (nat -> r) -> r) -> r} (\(rec : r -> ifix (\(rec :: (* -> *) -> *) -> \(f :: * -> *) -> f (rec f)) (\nat -> all r. r -> (nat -> r) -> r) -> r) -> \(z : r) -> \(n : ifix (\(rec :: (* -> *) -> *) -> \(f :: * -> *) -> f (rec f)) (\nat -> all r. r -> (nat -> r) -> r)) -> unwrap n {r} z (\(n' : ifix (\(rec :: (* -> *) -> *) -> \(f :: * -> *) -> f (rec f)) (\nat -> all r. r -> (nat -> r) -> r)) -> rec (f z) n'))) {integer} (addInteger 1) 0